  Determining projects to restore...
  All projects are up-to-date for restore.
C:\Program Files\dotnet\sdk\10.0.100\Microsoft.Common.CurrentVersion.targets(5937,5): warning MSB3061: Unable to delete file "C:\BackendTastyKitchens.API\TastyKitchens.API\bin\Debug\net8.0\TastyKitchens.API.exe". Access to the path 'C:\BackendTastyKitchens.API\TastyKitchens.API\bin\Debug\net8.0\TastyKitchens.API.exe' is denied. The file is locked by: "TastyKitchens.API (4780)" [C:\BackendTastyKitchens.API\TastyKitchens.API\TastyKitchens.API.csproj]
C:\Program Files\dotnet\sdk\10.0.100\Microsoft.Common.CurrentVersion.targets(5937,5): warning MSB3061: Unable to delete file "C:\BackendTastyKitchens.API\TastyKitchens.API\bin\Debug\net8.0\TastyKitchens.API.dll". Access to the path 'C:\BackendTastyKitchens.API\TastyKitchens.API\bin\Debug\net8.0\TastyKitchens.API.dll' is denied. The file is locked by: "TastyKitchens.API (4780)" [C:\BackendTastyKitchens.API\TastyKitchens.API\TastyKitchens.API.csproj]
C:\Program Files\dotnet\sdk\10.0.100\Microsoft.Common.CurrentVersion.targets(5937,5): warning MSB3061: Unable to delete file "C:\BackendTastyKitchens.API\TastyKitchens.API\bin\Debug\net8.0\BCrypt.Net-Next.dll". Access to the path 'C:\BackendTastyKitchens.API\TastyKitchens.API\bin\Debug\net8.0\BCrypt.Net-Next.dll' is denied. The file is locked by: "TastyKitchens.API (4780)" [C:\BackendTastyKitchens.API\TastyKitchens.API\TastyKitchens.API.csproj]
C:\Program Files\dotnet\sdk\10.0.100\Microsoft.Common.CurrentVersion.targets(5937,5): warning MSB3061: Unable to delete file "C:\BackendTastyKitchens.API\TastyKitchens.API\bin\Debug\net8.0\Microsoft.AspNetCore.Authentication.JwtBearer.dll". Access to the path 'C:\BackendTastyKitchens.API\TastyKitchens.API\bin\Debug\net8.0\Microsoft.AspNetCore.Authentication.JwtBearer.dll' is denied. The file is locked by: "TastyKitchens.API (4780)" [C:\BackendTastyKitchens.API\TastyKitchens.API\TastyKitchens.API.csproj]
C:\Program Files\dotnet\sdk\10.0.100\Microsoft.Common.CurrentVersion.targets(5937,5): warning MSB3061: Unable to delete file "C:\BackendTastyKitchens.API\TastyKitchens.API\bin\Debug\net8.0\Microsoft.IdentityModel.Abstractions.dll". Access to the path 'C:\BackendTastyKitchens.API\TastyKitchens.API\bin\Debug\net8.0\Microsoft.IdentityModel.Abstractions.dll' is denied. The file is locked by: "TastyKitchens.API (4780)" [C:\BackendTastyKitchens.API\TastyKitchens.API\TastyKitchens.API.csproj]
C:\Program Files\dotnet\sdk\10.0.100\Microsoft.Common.CurrentVersion.targets(5937,5): warning MSB3061: Unable to delete file "C:\BackendTastyKitchens.API\TastyKitchens.API\bin\Debug\net8.0\Microsoft.IdentityModel.JsonWebTokens.dll". Access to the path 'C:\BackendTastyKitchens.API\TastyKitchens.API\bin\Debug\net8.0\Microsoft.IdentityModel.JsonWebTokens.dll' is denied. The file is locked by: "TastyKitchens.API (4780)" [C:\BackendTastyKitchens.API\TastyKitchens.API\TastyKitchens.API.csproj]
C:\Program Files\dotnet\sdk\10.0.100\Microsoft.Common.CurrentVersion.targets(5937,5): warning MSB3061: Unable to delete file "C:\BackendTastyKitchens.API\TastyKitchens.API\bin\Debug\net8.0\Microsoft.IdentityModel.Logging.dll". Access to the path 'C:\BackendTastyKitchens.API\TastyKitchens.API\bin\Debug\net8.0\Microsoft.IdentityModel.Logging.dll' is denied. The file is locked by: "TastyKitchens.API (4780)" [C:\BackendTastyKitchens.API\TastyKitchens.API\TastyKitchens.API.csproj]
C:\Program Files\dotnet\sdk\10.0.100\Microsoft.Common.CurrentVersion.targets(5937,5): warning MSB3061: Unable to delete file "C:\BackendTastyKitchens.API\TastyKitchens.API\bin\Debug\net8.0\Microsoft.IdentityModel.Protocols.dll". Access to the path 'C:\BackendTastyKitchens.API\TastyKitchens.API\bin\Debug\net8.0\Microsoft.IdentityModel.Protocols.dll' is denied. The file is locked by: "TastyKitchens.API (4780)" [C:\BackendTastyKitchens.API\TastyKitchens.API\TastyKitchens.API.csproj]
C:\Program Files\dotnet\sdk\10.0.100\Microsoft.Common.CurrentVersion.targets(5937,5): warning MSB3061: Unable to delete file "C:\BackendTastyKitchens.API\TastyKitchens.API\bin\Debug\net8.0\Microsoft.IdentityModel.Protocols.OpenIdConnect.dll". Access to the path 'C:\BackendTastyKitchens.API\TastyKitchens.API\bin\Debug\net8.0\Microsoft.IdentityModel.Protocols.OpenIdConnect.dll' is denied. The file is locked by: "TastyKitchens.API (4780)" [C:\BackendTastyKitchens.API\TastyKitchens.API\TastyKitchens.API.csproj]
C:\Program Files\dotnet\sdk\10.0.100\Microsoft.Common.CurrentVersion.targets(5937,5): warning MSB3061: Unable to delete file "C:\BackendTastyKitchens.API\TastyKitchens.API\bin\Debug\net8.0\Microsoft.IdentityModel.Tokens.dll". Access to the path 'C:\BackendTastyKitchens.API\TastyKitchens.API\bin\Debug\net8.0\Microsoft.IdentityModel.Tokens.dll' is denied. The file is locked by: "TastyKitchens.API (4780)" [C:\BackendTastyKitchens.API\TastyKitchens.API\TastyKitchens.API.csproj]
C:\Program Files\dotnet\sdk\10.0.100\Microsoft.Common.CurrentVersion.targets(5937,5): warning MSB3061: Unable to delete file "C:\BackendTastyKitchens.API\TastyKitchens.API\bin\Debug\net8.0\Microsoft.OpenApi.dll". Access to the path 'C:\BackendTastyKitchens.API\TastyKitchens.API\bin\Debug\net8.0\Microsoft.OpenApi.dll' is denied. The file is locked by: "TastyKitchens.API (4780)" [C:\BackendTastyKitchens.API\TastyKitchens.API\TastyKitchens.API.csproj]
C:\Program Files\dotnet\sdk\10.0.100\Microsoft.Common.CurrentVersion.targets(5937,5): warning MSB3061: Unable to delete file "C:\BackendTastyKitchens.API\TastyKitchens.API\bin\Debug\net8.0\Swashbuckle.AspNetCore.Swagger.dll". Access to the path 'C:\BackendTastyKitchens.API\TastyKitchens.API\bin\Debug\net8.0\Swashbuckle.AspNetCore.Swagger.dll' is denied. The file is locked by: "TastyKitchens.API (4780)" [C:\BackendTastyKitchens.API\TastyKitchens.API\TastyKitchens.API.csproj]
C:\Program Files\dotnet\sdk\10.0.100\Microsoft.Common.CurrentVersion.targets(5937,5): warning MSB3061: Unable to delete file "C:\BackendTastyKitchens.API\TastyKitchens.API\bin\Debug\net8.0\Swashbuckle.AspNetCore.SwaggerGen.dll". Access to the path 'C:\BackendTastyKitchens.API\TastyKitchens.API\bin\Debug\net8.0\Swashbuckle.AspNetCore.SwaggerGen.dll' is denied. The file is locked by: "TastyKitchens.API (4780)" [C:\BackendTastyKitchens.API\TastyKitchens.API\TastyKitchens.API.csproj]
C:\Program Files\dotnet\sdk\10.0.100\Microsoft.Common.CurrentVersion.targets(5937,5): warning MSB3061: Unable to delete file "C:\BackendTastyKitchens.API\TastyKitchens.API\bin\Debug\net8.0\Swashbuckle.AspNetCore.SwaggerUI.dll". Access to the path 'C:\BackendTastyKitchens.API\TastyKitchens.API\bin\Debug\net8.0\Swashbuckle.AspNetCore.SwaggerUI.dll' is denied. The file is locked by: "TastyKitchens.API (4780)" [C:\BackendTastyKitchens.API\TastyKitchens.API\TastyKitchens.API.csproj]
C:\Program Files\dotnet\sdk\10.0.100\Microsoft.Common.CurrentVersion.targets(5937,5): warning MSB3061: Unable to delete file "C:\BackendTastyKitchens.API\TastyKitchens.API\bin\Debug\net8.0\System.IdentityModel.Tokens.Jwt.dll". Access to the path 'C:\BackendTastyKitchens.API\TastyKitchens.API\bin\Debug\net8.0\System.IdentityModel.Tokens.Jwt.dll' is denied. The file is locked by: "TastyKitchens.API (4780)" [C:\BackendTastyKitchens.API\TastyKitchens.API\TastyKitchens.API.csproj]
C:\BackendTastyKitchens.API\TastyKitchens.API\Controllers\UserController.cs(12,14): error CS0101: The namespace 'TastyKitchens.API.Controllers' already contains a definition for 'OrdersController' [C:\BackendTastyKitchens.API\TastyKitchens.API\TastyKitchens.API.csproj]
C:\BackendTastyKitchens.API\TastyKitchens.API\Controllers\UserController.cs(10,2): error CS0579: Duplicate 'ApiController' attribute [C:\BackendTastyKitchens.API\TastyKitchens.API\TastyKitchens.API.csproj]
C:\BackendTastyKitchens.API\TastyKitchens.API\Controllers\OrdersController.cs(14,22): error CS0246: The type or namespace name 'OrderService' could not be found (are you missing a using directive or an assembly reference?) [C:\BackendTastyKitchens.API\TastyKitchens.API\TastyKitchens.API.csproj]
C:\BackendTastyKitchens.API\TastyKitchens.API\Controllers\UserController.cs(14,22): error CS0246: The type or namespace name 'OrderService' could not be found (are you missing a using directive or an assembly reference?) [C:\BackendTastyKitchens.API\TastyKitchens.API\TastyKitchens.API.csproj]
C:\BackendTastyKitchens.API\TastyKitchens.API\Controllers\UserController.cs(16,12): error CS0111: Type 'OrdersController' already defines a member called 'OrdersController' with the same parameter types [C:\BackendTastyKitchens.API\TastyKitchens.API\TastyKitchens.API.csproj]
C:\BackendTastyKitchens.API\TastyKitchens.API\Controllers\UserController.cs(25,26): error CS0111: Type 'OrdersController' already defines a member called 'PlaceOrder' with the same parameter types [C:\BackendTastyKitchens.API\TastyKitchens.API\TastyKitchens.API.csproj]
C:\BackendTastyKitchens.API\TastyKitchens.API\Controllers\UserController.cs(44,26): error CS0111: Type 'OrdersController' already defines a member called 'GetMyOrders' with the same parameter types [C:\BackendTastyKitchens.API\TastyKitchens.API\TastyKitchens.API.csproj]
C:\BackendTastyKitchens.API\TastyKitchens.API\Controllers\UserController.cs(56,26): error CS0111: Type 'OrdersController' already defines a member called 'GetAllOrders' with the same parameter types [C:\BackendTastyKitchens.API\TastyKitchens.API\TastyKitchens.API.csproj]
C:\BackendTastyKitchens.API\TastyKitchens.API\Controllers\UserController.cs(69,26): error CS0111: Type 'OrdersController' already defines a member called 'UpdateStatus' with the same parameter types [C:\BackendTastyKitchens.API\TastyKitchens.API\TastyKitchens.API.csproj]

Build FAILED.

C:\Program Files\dotnet\sdk\10.0.100\Microsoft.Common.CurrentVersion.targets(5937,5): warning MSB3061: Unable to delete file "C:\BackendTastyKitchens.API\TastyKitchens.API\bin\Debug\net8.0\TastyKitchens.API.exe". Access to the path 'C:\BackendTastyKitchens.API\TastyKitchens.API\bin\Debug\net8.0\TastyKitchens.API.exe' is denied. The file is locked by: "TastyKitchens.API (4780)" [C:\BackendTastyKitchens.API\TastyKitchens.API\TastyKitchens.API.csproj]
C:\Program Files\dotnet\sdk\10.0.100\Microsoft.Common.CurrentVersion.targets(5937,5): warning MSB3061: Unable to delete file "C:\BackendTastyKitchens.API\TastyKitchens.API\bin\Debug\net8.0\TastyKitchens.API.dll". Access to the path 'C:\BackendTastyKitchens.API\TastyKitchens.API\bin\Debug\net8.0\TastyKitchens.API.dll' is denied. The file is locked by: "TastyKitchens.API (4780)" [C:\BackendTastyKitchens.API\TastyKitchens.API\TastyKitchens.API.csproj]
C:\Program Files\dotnet\sdk\10.0.100\Microsoft.Common.CurrentVersion.targets(5937,5): warning MSB3061: Unable to delete file "C:\BackendTastyKitchens.API\TastyKitchens.API\bin\Debug\net8.0\BCrypt.Net-Next.dll". Access to the path 'C:\BackendTastyKitchens.API\TastyKitchens.API\bin\Debug\net8.0\BCrypt.Net-Next.dll' is denied. The file is locked by: "TastyKitchens.API (4780)" [C:\BackendTastyKitchens.API\TastyKitchens.API\TastyKitchens.API.csproj]
C:\Program Files\dotnet\sdk\10.0.100\Microsoft.Common.CurrentVersion.targets(5937,5): warning MSB3061: Unable to delete file "C:\BackendTastyKitchens.API\TastyKitchens.API\bin\Debug\net8.0\Microsoft.AspNetCore.Authentication.JwtBearer.dll". Access to the path 'C:\BackendTastyKitchens.API\TastyKitchens.API\bin\Debug\net8.0\Microsoft.AspNetCore.Authentication.JwtBearer.dll' is denied. The file is locked by: "TastyKitchens.API (4780)" [C:\BackendTastyKitchens.API\TastyKitchens.API\TastyKitchens.API.csproj]
C:\Program Files\dotnet\sdk\10.0.100\Microsoft.Common.CurrentVersion.targets(5937,5): warning MSB3061: Unable to delete file "C:\BackendTastyKitchens.API\TastyKitchens.API\bin\Debug\net8.0\Microsoft.IdentityModel.Abstractions.dll". Access to the path 'C:\BackendTastyKitchens.API\TastyKitchens.API\bin\Debug\net8.0\Microsoft.IdentityModel.Abstractions.dll' is denied. The file is locked by: "TastyKitchens.API (4780)" [C:\BackendTastyKitchens.API\TastyKitchens.API\TastyKitchens.API.csproj]
C:\Program Files\dotnet\sdk\10.0.100\Microsoft.Common.CurrentVersion.targets(5937,5): warning MSB3061: Unable to delete file "C:\BackendTastyKitchens.API\TastyKitchens.API\bin\Debug\net8.0\Microsoft.IdentityModel.JsonWebTokens.dll". Access to the path 'C:\BackendTastyKitchens.API\TastyKitchens.API\bin\Debug\net8.0\Microsoft.IdentityModel.JsonWebTokens.dll' is denied. The file is locked by: "TastyKitchens.API (4780)" [C:\BackendTastyKitchens.API\TastyKitchens.API\TastyKitchens.API.csproj]
C:\Program Files\dotnet\sdk\10.0.100\Microsoft.Common.CurrentVersion.targets(5937,5): warning MSB3061: Unable to delete file "C:\BackendTastyKitchens.API\TastyKitchens.API\bin\Debug\net8.0\Microsoft.IdentityModel.Logging.dll". Access to the path 'C:\BackendTastyKitchens.API\TastyKitchens.API\bin\Debug\net8.0\Microsoft.IdentityModel.Logging.dll' is denied. The file is locked by: "TastyKitchens.API (4780)" [C:\BackendTastyKitchens.API\TastyKitchens.API\TastyKitchens.API.csproj]
C:\Program Files\dotnet\sdk\10.0.100\Microsoft.Common.CurrentVersion.targets(5937,5): warning MSB3061: Unable to delete file "C:\BackendTastyKitchens.API\TastyKitchens.API\bin\Debug\net8.0\Microsoft.IdentityModel.Protocols.dll". Access to the path 'C:\BackendTastyKitchens.API\TastyKitchens.API\bin\Debug\net8.0\Microsoft.IdentityModel.Protocols.dll' is denied. The file is locked by: "TastyKitchens.API (4780)" [C:\BackendTastyKitchens.API\TastyKitchens.API\TastyKitchens.API.csproj]
C:\Program Files\dotnet\sdk\10.0.100\Microsoft.Common.CurrentVersion.targets(5937,5): warning MSB3061: Unable to delete file "C:\BackendTastyKitchens.API\TastyKitchens.API\bin\Debug\net8.0\Microsoft.IdentityModel.Protocols.OpenIdConnect.dll". Access to the path 'C:\BackendTastyKitchens.API\TastyKitchens.API\bin\Debug\net8.0\Microsoft.IdentityModel.Protocols.OpenIdConnect.dll' is denied. The file is locked by: "TastyKitchens.API (4780)" [C:\BackendTastyKitchens.API\TastyKitchens.API\TastyKitchens.API.csproj]
C:\Program Files\dotnet\sdk\10.0.100\Microsoft.Common.CurrentVersion.targets(5937,5): warning MSB3061: Unable to delete file "C:\BackendTastyKitchens.API\TastyKitchens.API\bin\Debug\net8.0\Microsoft.IdentityModel.Tokens.dll". Access to the path 'C:\BackendTastyKitchens.API\TastyKitchens.API\bin\Debug\net8.0\Microsoft.IdentityModel.Tokens.dll' is denied. The file is locked by: "TastyKitchens.API (4780)" [C:\BackendTastyKitchens.API\TastyKitchens.API\TastyKitchens.API.csproj]
C:\Program Files\dotnet\sdk\10.0.100\Microsoft.Common.CurrentVersion.targets(5937,5): warning MSB3061: Unable to delete file "C:\BackendTastyKitchens.API\TastyKitchens.API\bin\Debug\net8.0\Microsoft.OpenApi.dll". Access to the path 'C:\BackendTastyKitchens.API\TastyKitchens.API\bin\Debug\net8.0\Microsoft.OpenApi.dll' is denied. The file is locked by: "TastyKitchens.API (4780)" [C:\BackendTastyKitchens.API\TastyKitchens.API\TastyKitchens.API.csproj]
C:\Program Files\dotnet\sdk\10.0.100\Microsoft.Common.CurrentVersion.targets(5937,5): warning MSB3061: Unable to delete file "C:\BackendTastyKitchens.API\TastyKitchens.API\bin\Debug\net8.0\Swashbuckle.AspNetCore.Swagger.dll". Access to the path 'C:\BackendTastyKitchens.API\TastyKitchens.API\bin\Debug\net8.0\Swashbuckle.AspNetCore.Swagger.dll' is denied. The file is locked by: "TastyKitchens.API (4780)" [C:\BackendTastyKitchens.API\TastyKitchens.API\TastyKitchens.API.csproj]
C:\Program Files\dotnet\sdk\10.0.100\Microsoft.Common.CurrentVersion.targets(5937,5): warning MSB3061: Unable to delete file "C:\BackendTastyKitchens.API\TastyKitchens.API\bin\Debug\net8.0\Swashbuckle.AspNetCore.SwaggerGen.dll". Access to the path 'C:\BackendTastyKitchens.API\TastyKitchens.API\bin\Debug\net8.0\Swashbuckle.AspNetCore.SwaggerGen.dll' is denied. The file is locked by: "TastyKitchens.API (4780)" [C:\BackendTastyKitchens.API\TastyKitchens.API\TastyKitchens.API.csproj]
C:\Program Files\dotnet\sdk\10.0.100\Microsoft.Common.CurrentVersion.targets(5937,5): warning MSB3061: Unable to delete file "C:\BackendTastyKitchens.API\TastyKitchens.API\bin\Debug\net8.0\Swashbuckle.AspNetCore.SwaggerUI.dll". Access to the path 'C:\BackendTastyKitchens.API\TastyKitchens.API\bin\Debug\net8.0\Swashbuckle.AspNetCore.SwaggerUI.dll' is denied. The file is locked by: "TastyKitchens.API (4780)" [C:\BackendTastyKitchens.API\TastyKitchens.API\TastyKitchens.API.csproj]
C:\Program Files\dotnet\sdk\10.0.100\Microsoft.Common.CurrentVersion.targets(5937,5): warning MSB3061: Unable to delete file "C:\BackendTastyKitchens.API\TastyKitchens.API\bin\Debug\net8.0\System.IdentityModel.Tokens.Jwt.dll". Access to the path 'C:\BackendTastyKitchens.API\TastyKitchens.API\bin\Debug\net8.0\System.IdentityModel.Tokens.Jwt.dll' is denied. The file is locked by: "TastyKitchens.API (4780)" [C:\BackendTastyKitchens.API\TastyKitchens.API\TastyKitchens.API.csproj]
C:\BackendTastyKitchens.API\TastyKitchens.API\Controllers\UserController.cs(12,14): error CS0101: The namespace 'TastyKitchens.API.Controllers' already contains a definition for 'OrdersController' [C:\BackendTastyKitchens.API\TastyKitchens.API\TastyKitchens.API.csproj]
C:\BackendTastyKitchens.API\TastyKitchens.API\Controllers\UserController.cs(10,2): error CS0579: Duplicate 'ApiController' attribute [C:\BackendTastyKitchens.API\TastyKitchens.API\TastyKitchens.API.csproj]
C:\BackendTastyKitchens.API\TastyKitchens.API\Controllers\OrdersController.cs(14,22): error CS0246: The type or namespace name 'OrderService' could not be found (are you missing a using directive or an assembly reference?) [C:\BackendTastyKitchens.API\TastyKitchens.API\TastyKitchens.API.csproj]
C:\BackendTastyKitchens.API\TastyKitchens.API\Controllers\UserController.cs(14,22): error CS0246: The type or namespace name 'OrderService' could not be found (are you missing a using directive or an assembly reference?) [C:\BackendTastyKitchens.API\TastyKitchens.API\TastyKitchens.API.csproj]
C:\BackendTastyKitchens.API\TastyKitchens.API\Controllers\UserController.cs(16,12): error CS0111: Type 'OrdersController' already defines a member called 'OrdersController' with the same parameter types [C:\BackendTastyKitchens.API\TastyKitchens.API\TastyKitchens.API.csproj]
C:\BackendTastyKitchens.API\TastyKitchens.API\Controllers\UserController.cs(25,26): error CS0111: Type 'OrdersController' already defines a member called 'PlaceOrder' with the same parameter types [C:\BackendTastyKitchens.API\TastyKitchens.API\TastyKitchens.API.csproj]
C:\BackendTastyKitchens.API\TastyKitchens.API\Controllers\UserController.cs(44,26): error CS0111: Type 'OrdersController' already defines a member called 'GetMyOrders' with the same parameter types [C:\BackendTastyKitchens.API\TastyKitchens.API\TastyKitchens.API.csproj]
C:\BackendTastyKitchens.API\TastyKitchens.API\Controllers\UserController.cs(56,26): error CS0111: Type 'OrdersController' already defines a member called 'GetAllOrders' with the same parameter types [C:\BackendTastyKitchens.API\TastyKitchens.API\TastyKitchens.API.csproj]
C:\BackendTastyKitchens.API\TastyKitchens.API\Controllers\UserController.cs(69,26): error CS0111: Type 'OrdersController' already defines a member called 'UpdateStatus' with the same parameter types [C:\BackendTastyKitchens.API\TastyKitchens.API\TastyKitchens.API.csproj]
    15 Warning(s)
    9 Error(s)

Time Elapsed 00:00:02.39
